Hung Do@DESKTOP-TAK8K72 MINGW64 /d/xampp/htdocs/tintuc2 (master)
$ git push
To https://github.com/SuperheroMVP/tintuc24.6.git
 ! [rejected]        master -> master (fetch first)
error: failed to push some refs to 'https://github.com/SuperheroMVP/tintuc24.6.git'
hint: Updates were rejected because the remote contains work that you do
hint: not have locally. This is usually caused by another repository pushing
hint: to the same ref. You may want to first integrate the remote changes
hint: (e.g., 'git pull ...') before pushing again.
hint: See the 'Note about fast-forwards' in 'git push --help' for details.

Hung Do@DESKTOP-TAK8K72 MINGW64 /d/xampp/htdocs/tintuc2 (master)
$ git pull
remote: Enumerating objects: 5, done.
remote: Counting objects: 100% (5/5), done.
remote: Compressing objects: 100% (2/2), done.
remote: Total 3 (delta 0), reused 0 (delta 0), pack-reused 0
Unpacking objects: 100% (3/3), 759 bytes | 5.00 KiB/s, done.
From https://github.com/SuperheroMVP/tintuc24.6
   6e5dd85..ed6205a  master     -> origin/master
ghint: Waiting for your editor to close the file...      0 [sig] bash 2024! sigpacket::process: Suppressing signal 18 to win32 process (pid 13908)
 577302 [sig] bash 2024! sigpacket::process: Suppressing signal 18 to win32 process (pid 13908)
26101647 [sig] bash 2024! sigpacket::process: Suppressing signal 18 to win32 process (pid 13908)
26275564 [sig] bash 2024! sigpacket::process: Suppressing signal 18 to win32 process (pid 13908)
26499901 [sig] bash 2024! sigpacket::process: Suppressing signal 18 to win32 process (pid 13908)
26886544 [sig] bash 2024! sigpacket::process: Suppressing signal 18 to win32 process (pid 13908)
27278172 [sig] bash 2024! sigpacket::process: Suppressing signal 18 to win32 process (pid 13908)
27522443 [sig] bash 2024! sigpacket::process: Suppressing signal 18 to win32 process (pid 13908)
27738921 [sig] bash 2024! sigpacket::process: Suppressing signal 18 to win32 process (pid 13908)
27989446 [sig] bash 2024! sigpacket::process: Suppressing signal 18 to win32 process (pid 13908)
Merge made by the 'recursive' strategy.
 test.txt | 9 ++++++++-
 1 file changed, 8 insertions(+), 1 deletion(-)

Hung Do@DESKTOP-TAK8K72 MINGW64 /d/xampp/htdocs/tintuc2 (master)
$ git reset --hard HEAD^1
HEAD is now at 1410f39 commit tintuc

Hung Do@DESKTOP-TAK8K72 MINGW64 /d/xampp/htdocs/tintuc2 (master)
$ git status
On branch master
Your branch and 'origin/master' have diverged,
and have 1 and 1 different commits each, respectively.
  (use "git pull" to merge the remote branch into yours)

nothing to commit, working tree clean

Hung Do@DESKTOP-TAK8K72 MINGW64 /d/xampp/htdocs/tintuc2 (master)
$ git checkout -b ttcs
Switched to a new branch 'ttcs'

Hung Do@DESKTOP-TAK8K72 MINGW64 /d/xampp/htdocs/tintuc2 (ttcs)
$ git status
On branch ttcs
nothing to commit, working tree clean

Hung Do@DESKTOP-TAK8K72 MINGW64 /d/xampp/htdocs/tintuc2 (ttcs)
$ git push origin ttcs
Enumerating objects: 5456, done.
Counting objects: 100% (5456/5456), done.
Delta compression using up to 4 threads
Compressing objects: 100% (4993/4993), done.
Writing objects: 100% (5455/5455), 22.90 MiB | 66.00 KiB/s, done.
Total 5455 (delta 1330), reused 0 (delta 0), pack-reused 0
remote: Resolving deltas: 100% (1330/1330), done.
remote:
remote: Create a pull request for 'ttcs' on GitHub by visiting:
remote:      https://github.com/SuperheroMVP/tintuc24.6/pull/new/ttcs
remote:
To https://github.com/SuperheroMVP/tintuc24.6.git
 * [new branch]      ttcs -> ttcs

Hung Do@DESKTOP-TAK8K72 MINGW64 /d/xampp/htdocs/tintuc2 (ttcs)
$
